no publish needed
no publish needed
no publish needed
no publish needed
no publish needed
no publish needed
published: status changed | push ok
published: status changed | push ok
no publish needed
no publish needed
no publish needed
no publish needed
no publish needed
published: heartbeat 6.8h | push ok
no publish needed
no publish needed
no publish needed
no publish needed
no publish needed
published: status changed | push FAILED: To https://github.com/zakstowaway/mari-daily-reporting.git
 ! [rejected]        main -> main (fetch first)
error: failed to push some refs to 'https://github.com/zakstowaway/mari-daily-reporting.git'

no publish needed
no publish needed
no publish needed
no publish needed
no publish needed
published: heartbeat 6.7h | push FAILED: To https://github.com/zakstowaway/mari-daily-reporting.git
 ! [rejected]        main -> main (fetch first)
error: failed to push some refs to 'https://github.com/zakstowaway/mari-daily-reporting.git'

no publish needed
no publish needed
no publish needed
no publish needed
no publish needed
published: heartbeat 6.3h | push FAILED: To https://github.com/zakstowaway/mari-daily-reporting.git
 ! [rejected]        main -> main (fetch first)
error: failed to push some refs to 'https://github.com/zakstowaway/mari-daily-reporting.git'

no publish needed
published: status changed | push ok
no publish needed
no publish needed
no publish needed
no publish needed
no publish needed
published: heartbeat 6.5h | push ok
no publish needed
no publish needed
no publish needed
no publish needed
no publish needed
published: heartbeat 6.2h | push ok
no publish needed
no publish needed
no publish needed
published: status changed | push ok
no publish needed
no publish needed
no publish needed
no publish needed
no publish needed
published: heartbeat 6.5h | push ok
no publish needed
no publish needed
no publish needed
